Loading weights:   0%|          | 0/218 [00:00<?, ?it/s]Loading weights: 100%|██████████| 218/218 [00:00<00:00, 5740.54it/s]
GroupedGemmSwigluSm100 is an experimental API
Traceback (most recent call last):
  File "/home/jwipc/experiments/cudnn-sm110-a1-a3-20260928/tools/a3_optional_c_store_queued_20261001.py", line 41, in <module>
    raise SystemExit(main())
                     ^^^^^^
  File "/home/jwipc/experiments/cudnn-sm110-a1-a3-20260928/tools/a3_optional_c_store_queued_20261001.py", line 36, in main
    result = module.main()
             ^^^^^^^^^^^^^
  File "/home/jwipc/experiments/cudnn-sm110-a1-a3-20260928/tools/a3_optional_c_store_worker_20261001.py", line 222, in main
    native = model(input_ids=ids.cuda(), use_cache=False).logits.cpu()
             ^^^^^^^^^^^^^^^^^^^^^^^^^^^^^^^^^^^^^^^^^^^^
  File "/home/jwipc/experiments/cudnn-sm110-a1-a3-20260928/venvs/a3sfdlateste2/lib/python3.12/site-packages/torch/nn/modules/module.py", line 1778, in _wrapped_call_impl
    return self._call_impl(*args, **kwargs)
           ^^^^^^^^^^^^^^^^^^^^^^^^^^^^^^^^
  File "/home/jwipc/experiments/cudnn-sm110-a1-a3-20260928/venvs/a3sfdlateste2/lib/python3.12/site-packages/torch/nn/modules/module.py", line 1789, in _call_impl
    return forward_call(*args, **kwargs)
           ^^^^^^^^^^^^^^^^^^^^^^^^^^^^^
  File "/home/jwipc/experiments/cudnn-sm110-a1-a3-20260928/venvs/a3sfdlateste2/lib/python3.12/site-packages/transformers/utils/generic.py", line 939, in wrapper
    output = func(self, *args, **kwargs)
             ^^^^^^^^^^^^^^^^^^^^^^^^^^^
  File "/home/jwipc/experiments/cudnn-sm110-a1-a3-20260928/venvs/a3sfdlateste2/lib/python3.12/site-packages/transformers/models/granitemoe/modeling_granitemoe.py", line 610, in forward
    outputs = self.model(
              ^^^^^^^^^^^
  File "/home/jwipc/experiments/cudnn-sm110-a1-a3-20260928/venvs/a3sfdlateste2/lib/python3.12/site-packages/torch/nn/modules/module.py", line 1778, in _wrapped_call_impl
    return self._call_impl(*args, **kwargs)
           ^^^^^^^^^^^^^^^^^^^^^^^^^^^^^^^^
  File "/home/jwipc/experiments/cudnn-sm110-a1-a3-20260928/venvs/a3sfdlateste2/lib/python3.12/site-packages/torch/nn/modules/module.py", line 1789, in _call_impl
    return forward_call(*args, **kwargs)
           ^^^^^^^^^^^^^^^^^^^^^^^^^^^^^
  File "/home/jwipc/experiments/cudnn-sm110-a1-a3-20260928/venvs/a3sfdlateste2/lib/python3.12/site-packages/transformers/utils/generic.py", line 1068, in wrapper
    output = func(self, *args, **kwargs)
             ^^^^^^^^^^^^^^^^^^^^^^^^^^^
  File "/home/jwipc/experiments/cudnn-sm110-a1-a3-20260928/venvs/a3sfdlateste2/lib/python3.12/site-packages/transformers/utils/output_capturing.py", line 286, in wrapper
    outputs = func(self, *args, **kwargs)
              ^^^^^^^^^^^^^^^^^^^^^^^^^^^
  File "/home/jwipc/experiments/cudnn-sm110-a1-a3-20260928/venvs/a3sfdlateste2/lib/python3.12/site-packages/transformers/models/granitemoe/modeling_granitemoe.py", line 463, in forward
    hidden_states = decoder_layer(
                    ^^^^^^^^^^^^^^
  File "/home/jwipc/experiments/cudnn-sm110-a1-a3-20260928/venvs/a3sfdlateste2/lib/python3.12/site-packages/transformers/modeling_layers.py", line 109, in __call__
    return super().__call__(*args, **kwargs)
           ^^^^^^^^^^^^^^^^^^^^^^^^^^^^^^^^^
  File "/home/jwipc/experiments/cudnn-sm110-a1-a3-20260928/venvs/a3sfdlateste2/lib/python3.12/site-packages/torch/nn/modules/module.py", line 1778, in _wrapped_call_impl
    return self._call_impl(*args, **kwargs)
           ^^^^^^^^^^^^^^^^^^^^^^^^^^^^^^^^
  File "/home/jwipc/experiments/cudnn-sm110-a1-a3-20260928/venvs/a3sfdlateste2/lib/python3.12/site-packages/torch/nn/modules/module.py", line 1789, in _call_impl
    return forward_call(*args, **kwargs)
           ^^^^^^^^^^^^^^^^^^^^^^^^^^^^^
  File "/home/jwipc/experiments/cudnn-sm110-a1-a3-20260928/venvs/a3sfdlateste2/lib/python3.12/site-packages/transformers/models/granitemoe/modeling_granitemoe.py", line 371, in forward
    hidden_states = self.block_sparse_moe(hidden_states)
                    ^^^^^^^^^^^^^^^^^^^^^^^^^^^^^^^^^^^^
  File "/home/jwipc/experiments/cudnn-sm110-a1-a3-20260928/venvs/a3sfdlateste2/lib/python3.12/site-packages/torch/nn/modules/module.py", line 1778, in _wrapped_call_impl
    return self._call_impl(*args, **kwargs)
           ^^^^^^^^^^^^^^^^^^^^^^^^^^^^^^^^
  File "/home/jwipc/experiments/cudnn-sm110-a1-a3-20260928/venvs/a3sfdlateste2/lib/python3.12/site-packages/torch/nn/modules/module.py", line 1789, in _call_impl
    return forward_call(*args, **kwargs)
           ^^^^^^^^^^^^^^^^^^^^^^^^^^^^^
  File "/home/jwipc/experiments/cudnn-sm110-a1-a3-20260928/venvs/a3sfdlateste2/lib/python3.12/site-packages/transformers/models/granitemoe/modeling_granitemoe.py", line 199, in forward
    layer_output = self.experts(hidden_states, top_k_index, top_k_weights)
                   ^^^^^^^^^^^^^^^^^^^^^^^^^^^^^^^^^^^^^^^^^^^^^^^^^^^^^^^
  File "/home/jwipc/experiments/cudnn-sm110-a1-a3-20260928/venvs/a3sfdlateste2/lib/python3.12/site-packages/torch/nn/modules/module.py", line 1778, in _wrapped_call_impl
    return self._call_impl(*args, **kwargs)
           ^^^^^^^^^^^^^^^^^^^^^^^^^^^^^^^^
  File "/home/jwipc/experiments/cudnn-sm110-a1-a3-20260928/venvs/a3sfdlateste2/lib/python3.12/site-packages/torch/nn/modules/module.py", line 1789, in _call_impl
    return forward_call(*args, **kwargs)
           ^^^^^^^^^^^^^^^^^^^^^^^^^^^^^
  File "/home/jwipc/experiments/cudnn-sm110-a1-a3-20260928/tools/a3_optional_c_store_worker_20261001.py", line 123, in forward
    return super().forward(*args)
           ^^^^^^^^^^^^^^^^^^^^^^
  File "/home/jwipc/experiments/cudnn-sm110-a1-a3-20260928/tools/a3_model_e2e_mergefix_20261001.py", line 191, in forward
    result = api.grouped_gemm_swiglu_wrapper_sm100(
             ^^^^^^^^^^^^^^^^^^^^^^^^^^^^^^^^^^^^^^
  File "/home/jwipc/experiments/cudnn-sm110-a1-a3-20260928/a3sfdlateste2/python/cudnn/gemm/cutedsl/grouped/swiglu/api.py", line 1147, in grouped_gemm_swiglu_wrapper_sm100
    grouped_gemm_swiglu.execute(
  File "/home/jwipc/experiments/cudnn-sm110-a1-a3-20260928/tools/a3_model_e2e_mergefix_20261001.py", line 78, in counted_execute
    module = importlib.import_module(kernel.__module__)
             ^^^^^^^^^^^^^^^^^^^^^^^^^^^^^^^^^^^^^^^^^^
  File "/usr/lib/python3.12/importlib/__init__.py", line 90, in import_module
    return _bootstrap._gcd_import(name[level:], package, level)
           ^^^^^^^^^^^^^^^^^^^^^^^^^^^^^^^^^^^^^^^^^^^^^^^^^^^^
  File "<frozen importlib._bootstrap>", line 1387, in _gcd_import
  File "<frozen importlib._bootstrap>", line 1360, in _find_and_load
  File "<frozen importlib._bootstrap>", line 1324, in _find_and_load_unlocked
ModuleNotFoundError: No module named 'a3_bf16_stage_worker'
