Obtaining file:///home/jwipc/experiments/cudnn-sm110-a1-a3-20260928/a3sfdlateste491
  Checking if build backend supports build_editable: started
  Checking if build backend supports build_editable: finished with status 'done'
  Preparing editable metadata (pyproject.toml): started
  Preparing editable metadata (pyproject.toml): finished with status 'done'
Building wheels for collected packages: nvidia-cudnn-frontend
  Building editable for nvidia-cudnn-frontend (pyproject.toml): started
  Building editable for nvidia-cudnn-frontend (pyproject.toml): still running...
  Building editable for nvidia-cudnn-frontend (pyproject.toml): still running...
  Building editable for nvidia-cudnn-frontend (pyproject.toml): still running...
  Building editable for nvidia-cudnn-frontend (pyproject.toml): still running...
  Building editable for nvidia-cudnn-frontend (pyproject.toml): finished with status 'done'
  Created wheel for nvidia-cudnn-frontend: filename=nvidia_cudnn_frontend-1.31.0-0.editable-cp312-cp312-linux_aarch64.whl size=14930 sha256=b714ce20df8d67508547e0edbbc2e1133833cd180376f3cbe197f207e812fd52
  Stored in directory: /tmp/pip-ephem-wheel-cache-av7gyf74/wheels/80/c7/60/7de877f9659905699b3f91f124cc9686ab7670bff9baf5b45f
Successfully built nvidia-cudnn-frontend
Installing collected packages: nvidia-cudnn-frontend
  Attempting uninstall: nvidia-cudnn-frontend
    Found existing installation: nvidia-cudnn-frontend 1.31.0
    Uninstalling nvidia-cudnn-frontend-1.31.0:
      Successfully uninstalled nvidia-cudnn-frontend-1.31.0
Successfully installed nvidia-cudnn-frontend-1.31.0
