{
  "argv": [
    "/home/jwipc/experiments/cudnn-sm110-a1-a3-20260928/venvs/a3sfdlateste491/bin/python",
    "/home/jwipc/experiments/cudnn-sm110-a1-a3-20260928/tools/prepare_build_a3_latest_8e7273_20261006_r1.py"
  ],
  "cwd": "/home/jwipc/experiments/cudnn-sm110-a1-a3-20260928",
  "started_utc": "2026-10-05T16:53:16.089117+00:00",
  "deadline_seconds": 5400.0,
  "status": "EXITED",
  "runner_policy": "OBSERVE_ONLY_NO_SIGNALS",
  "signals_sent": 0,
  "selected_env": {
    "CUDA_VISIBLE_DEVICES": ""
  },
  "pid": 3963432,
  "returncode": 0,
  "signal": null,
  "deadline_observed": false,
  "elapsed_seconds": 655.4238153860206
}
