Obtaining file:///home/jwipc/experiments/cudnn-sm110-a1-a3-20260928/a3sfdlatest8e7273_r1
  Checking if build backend supports build_editable: started
  Checking if build backend supports build_editable: finished with status 'done'
  Preparing editable metadata (pyproject.toml): started
  Preparing editable metadata (pyproject.toml): finished with status 'done'
Building wheels for collected packages: nvidia-cudnn-frontend
  Building editable for nvidia-cudnn-frontend (pyproject.toml): started
  Building editable for nvidia-cudnn-frontend (pyproject.toml): still running...
  Building editable for nvidia-cudnn-frontend (pyproject.toml): still running...
  Building editable for nvidia-cudnn-frontend (pyproject.toml): still running...
  Building editable for nvidia-cudnn-frontend (pyproject.toml): still running...
  Building editable for nvidia-cudnn-frontend (pyproject.toml): still running...
  Building editable for nvidia-cudnn-frontend (pyproject.toml): still running...
  Building editable for nvidia-cudnn-frontend (pyproject.toml): finished with status 'done'
  Created wheel for nvidia-cudnn-frontend: filename=nvidia_cudnn_frontend-1.31.0-0.editable-cp312-cp312-linux_aarch64.whl size=14939 sha256=2cd1d1d182f7ddbf8e9f9b41c4ca0ef13f3b4f8618c20a9cddbdf1433aac9b60
  Stored in directory: /tmp/pip-ephem-wheel-cache-ikj5gpoq/wheels/17/01/86/c64b3c9521e2ffea4c71ae3f718535acbe62781643c3f4bb71
Successfully built nvidia-cudnn-frontend
Installing collected packages: nvidia-cudnn-frontend
  Attempting uninstall: nvidia-cudnn-frontend
    Found existing installation: nvidia-cudnn-frontend 1.31.0
    Uninstalling nvidia-cudnn-frontend-1.31.0:
      Successfully uninstalled nvidia-cudnn-frontend-1.31.0
Successfully installed nvidia-cudnn-frontend-1.31.0
