{
  "argv": [
    "/home/jwipc/experiments/cudnn-sm110-a1-a3-20260928/venvs/a3sfdlatest29a0/bin/python",
    "/home/jwipc/experiments/cudnn-sm110-a1-a3-20260928/tools/a3_weight_plan_generation_queued_20261002_r2.py",
    "--out",
    "/home/jwipc/experiments/cudnn-sm110-a1-a3-20260928/results/a3-weight-plan-generation-20261002-r3",
    "--lock-wait-seconds",
    "3600"
  ],
  "cwd": "/home/jwipc/experiments/cudnn-sm110-a1-a3-20260928/a3sfdlatest29a0",
  "started_utc": "2026-10-02T01:09:28.526487+00:00",
  "deadline_seconds": 5400.0,
  "status": "EXITED",
  "selected_env": {
    "CUDA_VISIBLE_DEVICES": "0"
  },
  "returncode": 75,
  "signal": null,
  "elapsed_seconds": 3600.6498284560003
}
