Obtaining file:///home/jwipc/experiments/cudnn-sm110-a1-a3-20260928/a3sfdlatest9ecb_r2
  Checking if build backend supports build_editable: started
  Checking if build backend supports build_editable: finished with status 'done'
  Preparing editable metadata (pyproject.toml): started
  Preparing editable metadata (pyproject.toml): finished with status 'done'
Building wheels for collected packages: nvidia-cudnn-frontend
  Building editable for nvidia-cudnn-frontend (pyproject.toml): started
  Building editable for nvidia-cudnn-frontend (pyproject.toml): still running...
  Building editable for nvidia-cudnn-frontend (pyproject.toml): still running...
  Building editable for nvidia-cudnn-frontend (pyproject.toml): still running...
  Building editable for nvidia-cudnn-frontend (pyproject.toml): still running...
  Building editable for nvidia-cudnn-frontend (pyproject.toml): still running...
  Building editable for nvidia-cudnn-frontend (pyproject.toml): still running...
  Building editable for nvidia-cudnn-frontend (pyproject.toml): finished with status 'done'
  Created wheel for nvidia-cudnn-frontend: filename=nvidia_cudnn_frontend-1.31.0-0.editable-cp312-cp312-linux_aarch64.whl size=14933 sha256=f48dc0b38db204c44d19070574d27955508565a608821485c0ac94a773347685
  Stored in directory: /tmp/pip-ephem-wheel-cache-_zj2c618/wheels/d1/28/24/ada774077847b597f8dafb2437fcebf04698826274103c14ac
Successfully built nvidia-cudnn-frontend
Installing collected packages: nvidia-cudnn-frontend
  Attempting uninstall: nvidia-cudnn-frontend
    Found existing installation: nvidia-cudnn-frontend 1.31.0
    Uninstalling nvidia-cudnn-frontend-1.31.0:
      Successfully uninstalled nvidia-cudnn-frontend-1.31.0
Successfully installed nvidia-cudnn-frontend-1.31.0
