{"name": "saved_first_expert/actual_routes", "rows": 256, "live": 36, "valid_routes": 36, "invalid_routes": 0}
{"name": "saved_first_expert/all_rows", "rows": 256, "live": 256, "valid_routes": 256, "invalid_routes": 0}
{"name": "saved_first_expert/tile_edges", "rows": 256, "live": 14, "valid_routes": 14, "invalid_routes": 0}
{"name": "saved_first_expert/duplicates_unsorted", "rows": 256, "live": 20, "valid_routes": 20, "invalid_routes": 0}
{"name": "saved_first_expert/changed_destinations", "rows": 256, "live": 20, "valid_routes": 20, "invalid_routes": 0}
{"name": "saved_first_expert/random_permutation", "rows": 256, "live": 256, "valid_routes": 256, "invalid_routes": 0}
{"name": "saved_first_expert/mixed_invalid", "rows": 256, "live": 9, "valid_routes": 4, "invalid_routes": 5}
{"name": "saved_first_expert/empty_live", "rows": 256, "live": 0, "valid_routes": 0, "invalid_routes": 0}
{"name": "changed_input_weight_and_live_rows/actual_routes", "rows": 256, "live": 37, "valid_routes": 37, "invalid_routes": 0}
{"name": "changed_input_weight_and_live_rows/all_rows", "rows": 256, "live": 256, "valid_routes": 256, "invalid_routes": 0}
{"name": "changed_input_weight_and_live_rows/tile_edges", "rows": 256, "live": 14, "valid_routes": 14, "invalid_routes": 0}
{"name": "changed_input_weight_and_live_rows/duplicates_unsorted", "rows": 256, "live": 20, "valid_routes": 20, "invalid_routes": 0}
{"name": "changed_input_weight_and_live_rows/changed_destinations", "rows": 256, "live": 20, "valid_routes": 20, "invalid_routes": 0}
{"name": "changed_input_weight_and_live_rows/random_permutation", "rows": 256, "live": 256, "valid_routes": 256, "invalid_routes": 0}
{"name": "changed_input_weight_and_live_rows/mixed_invalid", "rows": 256, "live": 9, "valid_routes": 4, "invalid_routes": 5}
{"name": "changed_input_weight_and_live_rows/empty_live", "rows": 256, "live": 0, "valid_routes": 0, "invalid_routes": 0}
{"name": "ragged_e31_n128/actual_routes", "rows": 512, "live": 4, "valid_routes": 4, "invalid_routes": 0}
{"name": "ragged_e31_n128/all_rows", "rows": 512, "live": 512, "valid_routes": 512, "invalid_routes": 0}
{"name": "ragged_e31_n128/tile_edges", "rows": 512, "live": 16, "valid_routes": 16, "invalid_routes": 0}
{"name": "ragged_e31_n128/duplicates_unsorted", "rows": 512, "live": 22, "valid_routes": 22, "invalid_routes": 0}
{"name": "ragged_e31_n128/changed_destinations", "rows": 512, "live": 22, "valid_routes": 22, "invalid_routes": 0}
{"name": "ragged_e31_n128/random_permutation", "rows": 512, "live": 512, "valid_routes": 512, "invalid_routes": 0}
{"name": "ragged_e31_n128/mixed_invalid", "rows": 512, "live": 9, "valid_routes": 4, "invalid_routes": 5}
{"name": "ragged_e31_n128/empty_live", "rows": 512, "live": 0, "valid_routes": 0, "invalid_routes": 0}
{"name": "ragged_e33_n256/actual_routes", "rows": 512, "live": 18, "valid_routes": 18, "invalid_routes": 0}
{"name": "ragged_e33_n256/all_rows", "rows": 512, "live": 512, "valid_routes": 512, "invalid_routes": 0}
{"name": "ragged_e33_n256/tile_edges", "rows": 512, "live": 16, "valid_routes": 16, "invalid_routes": 0}
{"name": "ragged_e33_n256/duplicates_unsorted", "rows": 512, "live": 22, "valid_routes": 22, "invalid_routes": 0}
{"name": "ragged_e33_n256/changed_destinations", "rows": 512, "live": 22, "valid_routes": 22, "invalid_routes": 0}
{"name": "ragged_e33_n256/random_permutation", "rows": 512, "live": 512, "valid_routes": 512, "invalid_routes": 0}
{"name": "ragged_e33_n256/mixed_invalid", "rows": 512, "live": 9, "valid_routes": 4, "invalid_routes": 5}
{"name": "ragged_e33_n256/empty_live", "rows": 512, "live": 0, "valid_routes": 0, "invalid_routes": 0}
{"name": "granite_decode_e32_n1024_top8/actual_routes", "rows": 2048, "live": 8, "valid_routes": 8, "invalid_routes": 0}
{"name": "granite_decode_e32_n1024_top8/all_rows", "rows": 2048, "live": 2048, "valid_routes": 2048, "invalid_routes": 0}
{"name": "granite_decode_e32_n1024_top8/tile_edges", "rows": 2048, "live": 16, "valid_routes": 16, "invalid_routes": 0}
{"name": "granite_decode_e32_n1024_top8/duplicates_unsorted", "rows": 2048, "live": 22, "valid_routes": 22, "invalid_routes": 0}
{"name": "granite_decode_e32_n1024_top8/changed_destinations", "rows": 2048, "live": 22, "valid_routes": 22, "invalid_routes": 0}
{"name": "granite_decode_e32_n1024_top8/random_permutation", "rows": 2048, "live": 2048, "valid_routes": 2048, "invalid_routes": 0}
{"name": "granite_decode_e32_n1024_top8/mixed_invalid", "rows": 2048, "live": 9, "valid_routes": 4, "invalid_routes": 5}
{"name": "granite_decode_e32_n1024_top8/empty_live", "rows": 2048, "live": 0, "valid_routes": 0, "invalid_routes": 0}
{"name": "synthetic_M128/all_rows", "rows": 128, "live": 128, "valid_routes": 128, "invalid_routes": 0}
{"name": "synthetic_M128/tile_edges", "rows": 128, "live": 10, "valid_routes": 10, "invalid_routes": 0}
{"name": "synthetic_M128/duplicates_unsorted", "rows": 128, "live": 16, "valid_routes": 16, "invalid_routes": 0}
{"name": "synthetic_M128/changed_destinations", "rows": 128, "live": 16, "valid_routes": 16, "invalid_routes": 0}
{"name": "synthetic_M128/random_permutation", "rows": 128, "live": 128, "valid_routes": 128, "invalid_routes": 0}
{"name": "synthetic_M128/mixed_invalid", "rows": 128, "live": 9, "valid_routes": 4, "invalid_routes": 5}
{"name": "synthetic_M128/empty_live", "rows": 128, "live": 0, "valid_routes": 0, "invalid_routes": 0}
{"name": "synthetic_M256/all_rows", "rows": 256, "live": 256, "valid_routes": 256, "invalid_routes": 0}
{"name": "synthetic_M256/tile_edges", "rows": 256, "live": 14, "valid_routes": 14, "invalid_routes": 0}
{"name": "synthetic_M256/duplicates_unsorted", "rows": 256, "live": 20, "valid_routes": 20, "invalid_routes": 0}
{"name": "synthetic_M256/changed_destinations", "rows": 256, "live": 20, "valid_routes": 20, "invalid_routes": 0}
{"name": "synthetic_M256/random_permutation", "rows": 256, "live": 256, "valid_routes": 256, "invalid_routes": 0}
{"name": "synthetic_M256/mixed_invalid", "rows": 256, "live": 9, "valid_routes": 4, "invalid_routes": 5}
{"name": "synthetic_M256/empty_live", "rows": 256, "live": 0, "valid_routes": 0, "invalid_routes": 0}
{"name": "synthetic_M384/all_rows", "rows": 384, "live": 384, "valid_routes": 384, "invalid_routes": 0}
{"name": "synthetic_M384/tile_edges", "rows": 384, "live": 16, "valid_routes": 16, "invalid_routes": 0}
{"name": "synthetic_M384/duplicates_unsorted", "rows": 384, "live": 22, "valid_routes": 22, "invalid_routes": 0}
{"name": "synthetic_M384/changed_destinations", "rows": 384, "live": 22, "valid_routes": 22, "invalid_routes": 0}
{"name": "synthetic_M384/random_permutation", "rows": 384, "live": 384, "valid_routes": 384, "invalid_routes": 0}
{"name": "synthetic_M384/mixed_invalid", "rows": 384, "live": 9, "valid_routes": 4, "invalid_routes": 5}
{"name": "synthetic_M384/empty_live", "rows": 384, "live": 0, "valid_routes": 0, "invalid_routes": 0}
{"name": "synthetic_M2048/all_rows", "rows": 2048, "live": 2048, "valid_routes": 2048, "invalid_routes": 0}
{"name": "synthetic_M2048/tile_edges", "rows": 2048, "live": 16, "valid_routes": 16, "invalid_routes": 0}
{"name": "synthetic_M2048/duplicates_unsorted", "rows": 2048, "live": 22, "valid_routes": 22, "invalid_routes": 0}
{"name": "synthetic_M2048/changed_destinations", "rows": 2048, "live": 22, "valid_routes": 22, "invalid_routes": 0}
{"name": "synthetic_M2048/random_permutation", "rows": 2048, "live": 2048, "valid_routes": 2048, "invalid_routes": 0}
{"name": "synthetic_M2048/mixed_invalid", "rows": 2048, "live": 9, "valid_routes": 4, "invalid_routes": 5}
{"name": "synthetic_M2048/empty_live", "rows": 2048, "live": 0, "valid_routes": 0, "invalid_routes": 0}
{"name": "empty_M0/invalid_live", "rows": 0, "live": 3, "valid_routes": 0, "invalid_routes": 3}
{"name": "empty_M0/empty_live", "rows": 0, "live": 0, "valid_routes": 0, "invalid_routes": 0}
{"stage": "ROUTED_A_LITERAL_HOST_ADDRESS_AND_ENCODED_DATA_CPU_AUDIT_COMPLETE", "case_count": 70, "encoded_word_values_verified": 13811712, "literal_CPU_reconstruction_calls": 13765632, "cuda_initialized": false, "new_GPU_launches": 0}
